.\venv\Scripts\pytho
n.exe : Traceback 
(most recent call 
last):
Au caractère 
Ligne:1 : 1
+ .\venv\Scripts\pyt
hon.exe 
test_ai_direct.py > 
test_output.txt 2>&1
+ ~~~~~~~~~~~~~~~~~~
~~~~~~~~~~~~~~~~~~~~
~~~~~~~~~~~~~~~~~~~~
~~~~~~~~
    + CategoryInfo  
            : NotS  
  pecified: (Trac   
 eback (most rec    
ent call last):    
:String) [], Re    
moteException
    + FullyQualifie 
   dErrorId : Nati  
  veCommandError
 
  File "C:\Users\bob
ot\OneDrive\Bureau\P
rojet_TradeSens\back
end\app\services\ai_
service.py", line 
234, in generate_tra
de_analysis
    response = model
.generate_content(pr
ompt)
  File "C:\Users\bob
ot\OneDrive\Bureau\P
rojet_TradeSens\back
end\venv\Lib\site-pa
ckages\google\genera
tiveai\generative_mo
dels.py", line 248, 
in generate_content
    response = self.
_client.generate_con
tent(request)
  File "C:\Users\bob
ot\OneDrive\Bureau\P
rojet_TradeSens\back
end\venv\Lib\site-pa
ckages\google\ai\gen
erativelanguage_v1be
ta\services\generati
ve_service\client.py
", line 566, in 
generate_content
    response = rpc(
        request,
    ...<2 lines>...
        
metadata=metadata,
    )
  File "C:\Users\bob
ot\OneDrive\Bureau\P
rojet_TradeSens\back
end\venv\Lib\site-pa
ckages\google\api_co
re\gapic_v1\method.p
y", line 131, in 
__call__
    return 
wrapped_func(*args, 
**kwargs)
  File "C:\Users\bob
ot\OneDrive\Bureau\P
rojet_TradeSens\back
end\venv\Lib\site-pa
ckages\google\api_co
re\retry\retry_unary
.py", line 294, in 
retry_wrapped_func
    return 
retry_target(
        target,
    ...<3 lines>...
        
on_error=on_error,
    )
  File "C:\Users\bob
ot\OneDrive\Bureau\P
rojet_TradeSens\back
end\venv\Lib\site-pa
ckages\google\api_co
re\retry\retry_unary
.py", line 156, in 
retry_target
    next_sleep = 
_retry_error_helper(
        exc,
    ...<6 lines>...
        timeout,
    )
  File "C:\Users\bob
ot\OneDrive\Bureau\P
rojet_TradeSens\back
end\venv\Lib\site-pa
ckages\google\api_co
re\retry\retry_base.
py", line 214, in 
_retry_error_helper
    raise final_exc 
from source_exc
  File "C:\Users\bob
ot\OneDrive\Bureau\P
rojet_TradeSens\back
end\venv\Lib\site-pa
ckages\google\api_co
re\retry\retry_unary
.py", line 147, in 
retry_target
    result = 
target()
  File "C:\Users\bob
ot\OneDrive\Bureau\P
rojet_TradeSens\back
end\venv\Lib\site-pa
ckages\google\api_co
re\timeout.py", 
line 130, in 
func_with_timeout
    return 
func(*args, 
**kwargs)
  File "C:\Users\bob
ot\OneDrive\Bureau\P
rojet_TradeSens\back
end\venv\Lib\site-pa
ckages\google\api_co
re\grpc_helpers.py",
 line 77, in error_r
emapped_callable
    raise exceptions
.from_grpc_error(exc
) from exc
google.api_core.exce
ptions.NotFound: 
404 models/gemini-1.
5-flash is not 
found for API 
version v1beta, or 
is not supported 
for 
generateContent. 
Call ListModels to 
see the list of 
available models 
and their supported 
methods.
Testing AIService.generate_trade_analysis...
DEBUG: Prompt sent to Gemini (History length: 2)
CRITICAL Error generating trade analysis: 404 models/gemini-1.5-flash is not found for API version v1beta, or is not supported for generateContent. Call ListModels to see the list of available models and their supported methods.
Result:
{
  "assessment": "Analysis unavailable",
  "recommendations": [],
  "risk_advice": "Always manage your risk carefully",
  "error": "404 models/gemini-1.5-flash is not found for API version v1beta, or is not supported for generateContent. Call ListModels to see the list of available models and their supported methods.",
  "timestamp": "2026-01-13T13:04:41.533843"
}
